nohup: ignoring input
/root/miniconda3/envs/lcc/lib/python3.10/site-packages/google/api_core/_python_version_support.py:275: FutureWarning: You are using a Python version (3.10.19) which Google will stop supporting in new releases of google.api_core once it reaches its end of life (2026-10-04). Please upgrade to the latest Python version, or at least Python 3.11, to continue receiving updates for google.api_core past that date.
  warnings.warn(message, FutureWarning)
/root/miniconda3/envs/lcc/lib/python3.10/site-packages/google/api_core/_python_version_support.py:275: FutureWarning: You are using a Python version (3.10.19) which Google will stop supporting in new releases of google.cloud.aiplatform_v1beta1 once it reaches its end of life (2026-10-04). Please upgrade to the latest Python version, or at least Python 3.11, to continue receiving updates for google.cloud.aiplatform_v1beta1 past that date.
  warnings.warn(message, FutureWarning)
/root/miniconda3/envs/lcc/lib/python3.10/site-packages/google/api_core/_python_version_support.py:275: FutureWarning: You are using a Python version (3.10.19) which Google will stop supporting in new releases of google.cloud.aiplatform_v1 once it reaches its end of life (2026-10-04). Please upgrade to the latest Python version, or at least Python 3.11, to continue receiving updates for google.cloud.aiplatform_v1 past that date.
  warnings.warn(message, FutureWarning)
/root/miniconda3/envs/lcc/lib/python3.10/site-packages/google/api_core/_python_version_support.py:275: FutureWarning: You are using a Python version (3.10.19) which Google will stop supporting in new releases of google.cloud.resourcemanager_v3 once it reaches its end of life (2026-10-04). Please upgrade to the latest Python version, or at least Python 3.11, to continue receiving updates for google.cloud.resourcemanager_v3 past that date.
  warnings.warn(message, FutureWarning)
/root/miniconda3/envs/lcc/lib/python3.10/site-packages/google/api_core/_python_version_support.py:275: FutureWarning: You are using a Python version (3.10.19) which Google will stop supporting in new releases of google.cloud.aiplatform.v1.schema.predict.instance_v1 once it reaches its end of life (2026-10-04). Please upgrade to the latest Python version, or at least Python 3.11, to continue receiving updates for google.cloud.aiplatform.v1.schema.predict.instance_v1 past that date.
  warnings.warn(message, FutureWarning)
/root/miniconda3/envs/lcc/lib/python3.10/site-packages/google/api_core/_python_version_support.py:275: FutureWarning: You are using a Python version (3.10.19) which Google will stop supporting in new releases of google.cloud.aiplatform.v1.schema.predict.params_v1 once it reaches its end of life (2026-10-04). Please upgrade to the latest Python version, or at least Python 3.11, to continue receiving updates for google.cloud.aiplatform.v1.schema.predict.params_v1 past that date.
  warnings.warn(message, FutureWarning)
/root/miniconda3/envs/lcc/lib/python3.10/site-packages/google/api_core/_python_version_support.py:275: FutureWarning: You are using a Python version (3.10.19) which Google will stop supporting in new releases of google.cloud.aiplatform.v1.schema.predict.prediction_v1 once it reaches its end of life (2026-10-04). Please upgrade to the latest Python version, or at least Python 3.11, to continue receiving updates for google.cloud.aiplatform.v1.schema.predict.prediction_v1 past that date.
  warnings.warn(message, FutureWarning)
/root/miniconda3/envs/lcc/lib/python3.10/site-packages/google/api_core/_python_version_support.py:275: FutureWarning: You are using a Python version (3.10.19) which Google will stop supporting in new releases of google.cloud.aiplatform.v1.schema.trainingjob.definition_v1 once it reaches its end of life (2026-10-04). Please upgrade to the latest Python version, or at least Python 3.11, to continue receiving updates for google.cloud.aiplatform.v1.schema.trainingjob.definition_v1 past that date.
  warnings.warn(message, FutureWarning)
/root/miniconda3/envs/lcc/lib/python3.10/site-packages/google/api_core/_python_version_support.py:275: FutureWarning: You are using a Python version (3.10.19) which Google will stop supporting in new releases of google.cloud.aiplatform.v1beta1.schema.predict.instance_v1beta1 once it reaches its end of life (2026-10-04). Please upgrade to the latest Python version, or at least Python 3.11, to continue receiving updates for google.cloud.aiplatform.v1beta1.schema.predict.instance_v1beta1 past that date.
  warnings.warn(message, FutureWarning)
/root/miniconda3/envs/lcc/lib/python3.10/site-packages/google/api_core/_python_version_support.py:275: FutureWarning: You are using a Python version (3.10.19) which Google will stop supporting in new releases of google.cloud.aiplatform.v1beta1.schema.predict.params_v1beta1 once it reaches its end of life (2026-10-04). Please upgrade to the latest Python version, or at least Python 3.11, to continue receiving updates for google.cloud.aiplatform.v1beta1.schema.predict.params_v1beta1 past that date.
  warnings.warn(message, FutureWarning)
/root/miniconda3/envs/lcc/lib/python3.10/site-packages/google/api_core/_python_version_support.py:275: FutureWarning: You are using a Python version (3.10.19) which Google will stop supporting in new releases of google.cloud.aiplatform.v1beta1.schema.predict.prediction_v1beta1 once it reaches its end of life (2026-10-04). Please upgrade to the latest Python version, or at least Python 3.11, to continue receiving updates for google.cloud.aiplatform.v1beta1.schema.predict.prediction_v1beta1 past that date.
  warnings.warn(message, FutureWarning)
/root/miniconda3/envs/lcc/lib/python3.10/site-packages/google/api_core/_python_version_support.py:275: FutureWarning: You are using a Python version (3.10.19) which Google will stop supporting in new releases of google.cloud.aiplatform.v1beta1.schema.trainingjob.definition_v1beta1 once it reaches its end of life (2026-10-04). Please upgrade to the latest Python version, or at least Python 3.11, to continue receiving updates for google.cloud.aiplatform.v1beta1.schema.trainingjob.definition_v1beta1 past that date.
  warnings.warn(message, FutureWarning)
/root/miniconda3/envs/lcc/lib/python3.10/site-packages/google/api_core/_python_version_support.py:275: FutureWarning: You are using a Python version (3.10.19) which Google will stop supporting in new releases of google.cloud.bigquery_storage_v1 once it reaches its end of life (2026-10-04). Please upgrade to the latest Python version, or at least Python 3.11, to continue receiving updates for google.cloud.bigquery_storage_v1 past that date.
  warnings.warn(message, FutureWarning)
2026-03-08 06:37:32,086 INFO Running ChunkedPromptedGenerator...
2026-03-08 06:37:32,086 - INFO - Running ChunkedPromptedGenerator...
2026-03-08 06:37:32,092 INFO Running ChunkedPromptedGenerator...
2026-03-08 06:37:32,092 - INFO - Running ChunkedPromptedGenerator...
2026-03-08 06:37:33,420 INFO Loaded DataFrame with 3000 rows.
2026-03-08 06:37:33,420 - INFO - Loaded DataFrame with 3000 rows.
2026-03-08 06:37:33,449 INFO Loaded DataFrame with 3000 rows.
2026-03-08 06:37:33,449 - INFO - Loaded DataFrame with 3000 rows.
2026-03-08 06:37:34,180 INFO Running ChunkedPromptedGenerator...
2026-03-08 06:37:34,180 - INFO - Running ChunkedPromptedGenerator...
2026-03-08 06:37:34,198 INFO Running ChunkedPromptedGenerator...
2026-03-08 06:37:34,198 - INFO - Running ChunkedPromptedGenerator...
2026-03-08 06:37:35,261 INFO Loaded DataFrame with 3000 rows.
2026-03-08 06:37:35,261 - INFO - Loaded DataFrame with 3000 rows.
2026-03-08 06:37:35,732 INFO Loaded DataFrame with 3000 rows.
2026-03-08 06:37:35,732 - INFO - Loaded DataFrame with 3000 rows.
2026-03-08 06:37:36,621 INFO Running ChunkedPromptedGenerator...
2026-03-08 06:37:36,621 - INFO - Running ChunkedPromptedGenerator...
2026-03-08 06:37:37,513 INFO Loaded DataFrame with 3000 rows.
2026-03-08 06:37:37,513 - INFO - Loaded DataFrame with 3000 rows.
2026-03-08 06:37:37,577 INFO Running ChunkedPromptedGenerator...
2026-03-08 06:37:37,577 - INFO - Running ChunkedPromptedGenerator...
2026-03-08 06:37:38,509 INFO Loaded DataFrame with 3000 rows.
2026-03-08 06:37:38,509 - INFO - Loaded DataFrame with 3000 rows.
2026-03-08 06:37:38,586 INFO Running ChunkedPromptedGenerator...
2026-03-08 06:37:38,586 - INFO - Running ChunkedPromptedGenerator...
2026-03-08 06:37:41,556 INFO Loaded DataFrame with 3000 rows.
2026-03-08 06:37:41,556 - INFO - Loaded DataFrame with 3000 rows.
2026-03-08 06:37:41,759 INFO Running ChunkedPromptedGenerator...
2026-03-08 06:37:41,759 - INFO - Running ChunkedPromptedGenerator...
2026-03-08 06:37:42,753 INFO Loaded DataFrame with 3000 rows.
2026-03-08 06:37:42,753 - INFO - Loaded DataFrame with 3000 rows.
2026-03-08 06:37:42,787 INFO Running ChunkedPromptedGenerator...
2026-03-08 06:37:42,787 - INFO - Running ChunkedPromptedGenerator...
2026-03-08 06:37:42,788 INFO Running ChunkedPromptedGenerator...
2026-03-08 06:37:42,788 - INFO - Running ChunkedPromptedGenerator...
2026-03-08 06:37:44,470 INFO Loaded DataFrame with 3000 rows.
2026-03-08 06:37:44,470 - INFO - Loaded DataFrame with 3000 rows.
2026-03-08 06:37:45,066 INFO Loaded DataFrame with 3000 rows.
2026-03-08 06:37:45,066 - INFO - Loaded DataFrame with 3000 rows.
2026-03-08 06:38:08,171 INFO Generated batch input CSV at /tmp/batch_input_0_2000_41ed4535.csv with 2000 rows.
2026-03-08 06:38:08,171 - INFO - Generated batch input CSV at /tmp/batch_input_0_2000_41ed4535.csv with 2000 rows.
2026-03-08 06:38:08,658 INFO Generated batch input CSV at /tmp/batch_input_0_2000_49dfe302.csv with 2000 rows.
2026-03-08 06:38:08,658 - INFO - Generated batch input CSV at /tmp/batch_input_0_2000_49dfe302.csv with 2000 rows.
2026-03-08 06:38:09,673 INFO Generated batch input CSV at /tmp/batch_input_0_2000_58f93fcb.csv with 2000 rows.
2026-03-08 06:38:09,673 - INFO - Generated batch input CSV at /tmp/batch_input_0_2000_58f93fcb.csv with 2000 rows.
2026-03-08 06:38:09,961 INFO Dataset 'sp-20260128-1.dataflow_batch' already exists.
2026-03-08 06:38:09,961 - INFO - Dataset 'sp-20260128-1.dataflow_batch' already exists.
2026-03-08 06:38:10,315 INFO Dataset 'sp-20260128-1.dataflow_batch' already exists.
2026-03-08 06:38:10,315 - INFO - Dataset 'sp-20260128-1.dataflow_batch' already exists.
2026-03-08 06:38:10,582 INFO Dataset 'sp-20260128-1.dataflow_batch' already exists.
2026-03-08 06:38:10,582 - INFO - Dataset 'sp-20260128-1.dataflow_batch' already exists.
2026-03-08 06:38:11,469 INFO Generated batch input CSV at /tmp/batch_input_0_2000_42bd01d8.csv with 2000 rows.
2026-03-08 06:38:11,469 - INFO - Generated batch input CSV at /tmp/batch_input_0_2000_42bd01d8.csv with 2000 rows.
2026-03-08 06:38:11,493 INFO Generated batch input CSV at /tmp/batch_input_0_2000_db87f999.csv with 2000 rows.
2026-03-08 06:38:11,493 - INFO - Generated batch input CSV at /tmp/batch_input_0_2000_db87f999.csv with 2000 rows.
2026-03-08 06:38:11,733 INFO Generated batch input CSV at /tmp/batch_input_0_2000_cfc674f9.csv with 2000 rows.
2026-03-08 06:38:11,733 - INFO - Generated batch input CSV at /tmp/batch_input_0_2000_cfc674f9.csv with 2000 rows.
2026-03-08 06:38:12,485 INFO Dataset 'sp-20260128-1.dataflow_batch' already exists.
2026-03-08 06:38:12,485 - INFO - Dataset 'sp-20260128-1.dataflow_batch' already exists.
2026-03-08 06:38:12,498 INFO Dataset 'sp-20260128-1.dataflow_batch' already exists.
2026-03-08 06:38:12,498 - INFO - Dataset 'sp-20260128-1.dataflow_batch' already exists.
2026-03-08 06:38:12,685 INFO Dataset 'sp-20260128-1.dataflow_batch' already exists.
2026-03-08 06:38:12,685 - INFO - Dataset 'sp-20260128-1.dataflow_batch' already exists.
